../Core/Src/main.c:109:6:handle_button_press	24	static
../Core/Src/main.c:124:6:reset_inputs	16	static
../Core/Src/main.c:138:5:main	24	static
../Core/Src/main.c:242:6:SystemClock_Config	88	static
../Core/Src/main.c:289:13:MX_USART1_UART_Init	8	static
../Core/Src/main.c:322:13:MX_USART2_UART_Init	8	static
../Core/Src/main.c:355:13:MX_GPIO_Init	48	static
../Core/Src/main.c:432:6:HAL_GPIO_EXTI_Callback	16	static
../Core/Src/main.c:441:1:__io_putchar	16	static
../Core/Src/main.c:455:6:Error_Handler	4	static,ignoring_inline_asm
