../Core/Src/main.c:107:13:Tone	16	static
../Core/Src/main.c:112:6:Start_PWM	16	static
../Core/Src/main.c:116:6:Stop_PWM	16	static
../Core/Src/main.c:120:6:PlayJazzyIntro	32	static
../Core/Src/main.c:229:6:playSegment	32	static
../Core/Src/main.c:405:5:main	40	static
../Core/Src/main.c:584:6:SystemClock_Config	88	static
../Core/Src/main.c:631:13:MX_TIM2_Init	64	static
../Core/Src/main.c:690:13:MX_TIM3_Init	32	static
../Core/Src/main.c:735:13:MX_USART1_UART_Init	8	static
../Core/Src/main.c:768:13:MX_USART2_UART_Init	8	static
../Core/Src/main.c:801:13:MX_GPIO_Init	48	static
../Core/Src/main.c:867:6:HAL_GPIO_EXTI_Callback	16	static
../Core/Src/main.c:876:1:__io_putchar	16	static
../Core/Src/main.c:890:6:Error_Handler	4	static,ignoring_inline_asm
